// Jest Snapshot v1, https://goo.gl/fbAQLP

exports[`IntroStory should match the snapshot 1`] = `ShallowWrapper {}`;
