// Jest Snapshot v1, https://goo.gl/fbAQLP

exports[`Landing should match the snapshot 1`] = `ShallowWrapper {}`;
